// Jest Snapshot v1, https://goo.gl/fbAQLP

exports[`arguman should respond to because intents 1`] = `
Object {
  "response": Object {
    "directives": Array [],
    "outputSpeech": Object {
      "ssml": "<speak>Some fair examples are the first world countries that had more time to develop by temselves their economy and the colonies that could only get to be part of the economy after a revolution.</speak>",
      "type": "SSML",
    },
    "shouldEndSession": false,
  },
  "sessionAttributes": Object {
    "contention": Object {
      "absolute_url": "http://en.arguman.org/marxism-is-an-inherently-violent-revolutionary-ideology",
      "date_creation": "2018-01-18T20:30:51.550Z",
      "date_modification": "2018-01-19T17:47:51.696Z",
      "id": 4023,
      "premise_count": 2,
      "sender": Object {
        "id": 29043,
        "username": "thundax",
      },
      "support_rate": 100,
      "title": "Marxism is an inherently violent revolutionary ideology",
    },
  },
  "version": "1.0",
}
`;
